Microchip MPLAB XC8 Compiler V2.05 ()

Linker command line:

-W-3 --edf=C:\Program Files (x86)\Microchip\xc8\v2.05\pic\dat\en_msgs.txt \
  -cs -h+dist/default/debug\SimulatorePalla.X.debug.sym \
  --cmf=dist/default/debug\SimulatorePalla.X.debug.cmf -z -Q18F2520 \
  -oC:\Users\utente\AppData\Local\Temp\s8ic.2 --defsym=__MPLAB_BUILD=1 \
  -Mdist/default/debug/SimulatorePalla.X.debug.map -E1 -ver=XC8 \
  --acfsm=1493 -ASTACK=0150h-05F3h -pstack=STACK -ACODE=00h-07DBFh \
  -ACONST=00h-07DBFh -ASMALLCONST=0600h-06FFhx119,07D00h-07DBFh \
  -AMEDIUMCONST=0600h-07DBFh -ACOMRAM=01h-07Fh -AABS1=00h-05F3h \
  -ABIGRAM=01h-05F3h -ARAM=080h-0FFh,0100h-01FFhx4,0500h-05F3h \
  -ABANK0=080h-0FFh -ABANK1=0100h-01FFh -ABANK2=0200h-02FFh \
  -ABANK3=0300h-03FFh -ABANK4=0400h-04FFh -ABANK5=0500h-05F3h \
  -ASFR=0F80h-0FD3h,0FD5h-0FDAh,0FE0h-0FE2h,0FE8h-0FEAh,0FF0h-0FFCh \
  -preset_vec=00h,intcode,intcodelo,powerup,init -pramtop=0600h \
  -psmallconst=SMALLCONST -pmediumconst=MEDIUMCONST -pconst=CONST \
  -AFARRAM=00h-00h -ACONFIG=0300000h-030000Dh -pconfig=CONFIG \
  -AIDLOC=0200000h-0200007h -pidloc=IDLOC -AEEDATA=0F00000h-0F000FFh \
  -peeprom_data=EEDATA \
  -prdata=COMRAM,nvrram=COMRAM,nvbit=COMRAM,rbss=COMRAM,rbit=COMRAM \
  -pfarbss=FARRAM,fardata=FARRAM,nvFARRAM=FARRAM \
  -pintsave_regs=BIGRAM,bigbss=BIGRAM,bigdata=BIGRAM -pbss=RAM \
  -pidata=CODE,irdata=CODE,ibigdata=CODE,ifardata=CODE -prparam=COMRAM \
  C:\Users\utente\AppData\Local\Temp\s8ic.o \
  dist/default/debug\SimulatorePalla.X.debug.o 

Object code version is 3.11

Machine type is 18F2520

Call graph: (short form)




                Name                               Link     Load   Length Selector   Space Scale
C:\Users\utente\AppData\Local\Temp\s8ic.o
                init                                  0        0        4        0       0
                idloc                            200000   200000        8   200000       0
                config                           300000   300000        E   300000       0
dist/default/debug\SimulatorePalla.X.debug.o
                smallconst                          600      600       A4      300       0
                text23                             2DB0     2DB0       CC      352       0
                text22                             2A40     2A40      104      352       0
                text21                             2F36     2F36       70      352       0
                text20                             2E7C     2E7C       BA      352       0
                text19                             2900     2900      140      352       0
                text18                             2678     2678      288      352       0
                text17                             201A     201A      352      352       0
                text16                             3114     3114       2E      352       0
                text15                             236C     236C      30C      352       0
                text14                             3064     3064       46      352       0
                text13                             2CE4     2CE4       CC      352       0
                text12                             30E0     30E0       34      352       0
                text11                              E9E      E9E      778      352       0
                text10                             1616     1616      5DE      352       0
                text9                              31B0     31B0        2      352       0
                text8                              2FA6     2FA6       6C      352       0
                text7                              2C14     2C14       D0      352       0
                text6                              3012     3012       52      352       0
                text5                              3168     3168       26      352       0
                text4                              2B44     2B44       D0      352       0
                text3                              318E     318E       22      352       0
                text2                              1BF4     1BF4      426      352       0
                text1                               6A4      6A4      7FA      352       0
                text0                              30AA     30AA       36      352       0
                cstackCOMRAM                          1        1       7D        1       1
                cstackBANK0                          80       80       52       80       1
                bssBANK1                            100      100       50      100       1
                bssBANK0                             D2       D2       2E       80       1
                bssCOMRAM                            7E       7E        2        1       1
                cinit                              3142     3142       26      352       0

TOTAL           Name                               Link     Load   Length     Space
        CLASS   STACK          

        CLASS   CODE           
                init                                  0        0        4         0
                text23                             2DB0     2DB0       CC         0
                text22                             2A40     2A40      104         0
                text21                             2F36     2F36       70         0
                text20                             2E7C     2E7C       BA         0
                text19                             2900     2900      140         0
                text18                             2678     2678      288         0
                text17                             201A     201A      352         0
                text16                             3114     3114       2E         0
                text15                             236C     236C      30C         0
                text14                             3064     3064       46         0
                text13                             2CE4     2CE4       CC         0
                text12                             30E0     30E0       34         0
                text11                              E9E      E9E      778         0
                text10                             1616     1616      5DE         0
                text9                              31B0     31B0        2         0
                text8                              2FA6     2FA6       6C         0
                text7                              2C14     2C14       D0         0
                text6                              3012     3012       52         0
                text5                              3168     3168       26         0
                text4                              2B44     2B44       D0         0
                text3                              318E     318E       22         0
                text2                              1BF4     1BF4      426         0
                text1                               6A4      6A4      7FA         0
                text0                              30AA     30AA       36         0
                cinit                              3142     3142       26         0

        CLASS   CONST          

        CLASS   SMALLCONST     
                smallconst                          600      600       A4         0

        CLASS   MEDIUMCONST    

        CLASS   COMRAM         
                cstackCOMRAM                          1        1       7D         1
                bssCOMRAM                            7E       7E        2         1

        CLASS   ABS1           

        CLASS   BIGRAM         

        CLASS   RAM            

        CLASS   BANK0          
                cstackBANK0                          80       80       52         1
                bssBANK0                             D2       D2       2E         1

        CLASS   BANK1          
                bssBANK1                            100      100       50         1

        CLASS   BANK2          

        CLASS   BANK3          

        CLASS   BANK4          

        CLASS   BANK5          

        CLASS   SFR            

        CLASS   FARRAM         

        CLASS   CONFIG         
                config                           300000   300000        E         0

        CLASS   IDLOC          
                idloc                            200000   200000        8         0

        CLASS   EEDATA         



SEGMENTS        Name                           Load    Length   Top    Selector   Space  Class

                reset_vec                      000000  000004  000004         0       0  CODE    
                cstackCOMRAM                   000001  00007F  000080         1       1  COMRAM  
                cstackBANK0                    000080  000080  000100        80       1  BANK0   
                bssBANK1                       000100  000050  000150       100       1  BANK1   
                smallconst                     000600  0000A4  0006A4       300       0  SMALLCON
                text1                          0006A4  002B0E  0031B2       352       0  CODE    
                idloc                          200000  000008  200008    200000       0  IDLOC   
                config                         300000  00000E  30000E    300000       0  CONFIG  


UNUSED ADDRESS RANGES

        Name                Unused          Largest block    Delta
        BANK1            000150-0001FF               B0
        BANK2            000200-0002FF              100
        BANK3            000300-0003FF              100
        BANK4            000400-0004FF              100
        BANK5            000500-0005F3               F4
        BIGRAM           000150-0005F3              4A4
        CODE             000004-0005FF              5FC
                         0031B2-007DBF             4C0E
        CONST            000004-0005FF              5FC
                         0031B2-007DBF             4C0E
        EEDATA           F00000-F000FF              100
        MEDIUMCONST      0031B2-007DBF             4C0E
        RAM              000150-0005F3              100
        SFR              000F80-000FD3               54
                         000FD5-000FDA                6
                         000FE0-000FE2                3
                         000FE8-000FEA                3
                         000FF0-000FFC                D
        SMALLCONST       0031B2-007DBF              100
        STACK            000150-0005F3              4A4

                                  Symbol Table

?___aldiv                 cstackCOMRAM 000001
?___awmod                 cstackCOMRAM 00000B
?___fladd                 cstackCOMRAM 00001F
?___fldiv                 cstackCOMRAM 00002F
?___flmul                 cstackCOMRAM 000001
?___flneg                 cstackCOMRAM 000001
?___flsub                 cstackCOMRAM 00002F
?___fltol                 cstackCOMRAM 000001
?___fpclassifyf           cstackCOMRAM 000001
?___xxtofl                cstackCOMRAM 000011
?_atan2f                  cstackCOMRAM 000058
?_atanf                   cstackCOMRAM 000050
?_fabsf                   cstackCOMRAM 000048
?_nanf                    cstackCOMRAM 000001
?_printf                  cstackCOMRAM 000018
?_sqrtf                   cstackCOMRAM 00002F
?_vfpfcnvrt               cstackCOMRAM 00000A
?_vfprintf                cstackCOMRAM 000010
UART_Init@baudrate        cstackCOMRAM 00000F
UART_Init@x               cstackCOMRAM 00001B
_BRGH                     (abs)        007D62
_CREN                     (abs)        007D5C
_LATBbits                 (abs)        000F8A
_LATCbits                 (abs)        000F8B
_SPBRG                    (abs)        000FAF
_SPEN                     (abs)        007D5F
_SYNC                     (abs)        007D64
_TRISB                    (abs)        000F93
_TRISC                    (abs)        000F94
_TRMT                     (abs)        007D61
_TXEN                     (abs)        007D65
_TXREG                    (abs)        000FAD
_UART_Init                text22       002A40
__CFG_BOREN$SBORDIS       (abs)        000000
__CFG_BORV$2              (abs)        000000
__CFG_CCP2MX$PORTC        (abs)        000000
__CFG_CP0$OFF             (abs)        000000
__CFG_CP1$OFF             (abs)        000000
__CFG_CP2$OFF             (abs)        000000
__CFG_CP3$OFF             (abs)        000000
__CFG_CPB$OFF             (abs)        000000
__CFG_CPD$OFF             (abs)        000000
__CFG_EBTR0$OFF           (abs)        000000
__CFG_EBTR1$OFF           (abs)        000000
__CFG_EBTR2$OFF           (abs)        000000
__CFG_EBTR3$OFF           (abs)        000000
__CFG_EBTRB$OFF           (abs)        000000
__CFG_FCMEN$OFF           (abs)        000000
__CFG_IESO$OFF            (abs)        000000
__CFG_LPT1OSC$OFF         (abs)        000000
__CFG_LVP$OFF             (abs)        000000
__CFG_MCLRE$OFF           (abs)        000000
__CFG_OSC$HS              (abs)        000000
__CFG_PBADEN$ON           (abs)        000000
__CFG_PWRT$ON             (abs)        000000
__CFG_STVREN$ON           (abs)        000000
__CFG_WDT$OFF             (abs)        000000
__CFG_WDTPS$32768         (abs)        000000
__CFG_WRT0$OFF            (abs)        000000
__CFG_WRT1$OFF            (abs)        000000
__CFG_WRT2$OFF            (abs)        000000
__CFG_WRT3$OFF            (abs)        000000
__CFG_WRTB$OFF            (abs)        000000
__CFG_WRTC$OFF            (abs)        000000
__CFG_WRTD$OFF            (abs)        000000
__CFG_XINST$OFF           (abs)        000000
__HRAM                    (abs)        000000
__Habs1                   abs1         000000
__Hbank0                  bank0        000000
__Hbank1                  bank1        000000
__Hbank2                  bank2        000000
__Hbank3                  bank3        000000
__Hbank4                  bank4        000000
__Hbank5                  bank5        000000
__Hbigbss                 bigbss       000000
__Hbigdata                bigdata      000000
__Hbigram                 bigram       000000
__Hbss                    bss          000000
__HbssBANK0               bssBANK0     000000
__HbssBANK1               bssBANK1     000000
__HbssCOMRAM              bssCOMRAM    000000
__Hcinit                  cinit        000000
__Hclrtext                clrtext      000000
__Hcomram                 comram       000000
__Hconfig                 config       30000E
__Hconst                  const        000000
__HcstackBANK0            cstackBANK0  000000
__HcstackCOMRAM           cstackCOMRAM 000000
__Hdata                   data         000000
__Heeprom_data            eeprom_data  000000
__Hfarbss                 farbss       000000
__Hfardata                fardata      000000
__Hibigdata               ibigdata     000000
__Hidata                  idata        000000
__Hidloc                  idloc        200008
__Hifardata               ifardata     000000
__Hinit                   init         000004
__Hintcode                intcode      000000
__Hintcode_body           intcode_body 000000
__Hintcodelo              intcodelo    000000
__Hintentry               intentry     000000
__Hintret                 intret       000000
__Hintsave_regs           intsave_regs 000000
__Hirdata                 irdata       000000
__Hmediumconst            mediumconst  000000
__HnvFARRAM               nvFARRAM     000000
__Hnvbit                  nvbit        000000
__Hnvrram                 nvrram       000000
__Hparam                  rparam       000000
__Hpowerup                powerup      000000
__Hram                    ram          000000
__Hramtop                 ramtop       000600
__Hrbit                   rbit         000000
__Hrbss                   rbss         000000
__Hrdata                  rdata        000000
__Hreset_vec              reset_vec    000000
__Hrparam                 rparam       000000
__Hsfr                    sfr          000000
__Hsmallconst             smallconst   0006A4
__Hspace_0                (abs)        30000E
__Hspace_1                (abs)        000150
__Hspace_2                (abs)        000000
__Hstack                  stack        000000
__Hstruct                 struct       000000
__Htemp                   temp         000000
__Htext                   text         000000
__Htext0                  text0        000000
__Htext1                  text1        000000
__Htext10                 text10       000000
__Htext11                 text11       000000
__Htext12                 text12       000000
__Htext13                 text13       000000
__Htext14                 text14       000000
__Htext15                 text15       000000
__Htext16                 text16       000000
__Htext17                 text17       000000
__Htext18                 text18       000000
__Htext19                 text19       000000
__Htext2                  text2        000000
__Htext20                 text20       000000
__Htext21                 text21       000000
__Htext22                 text22       000000
__Htext23                 text23       000000
__Htext3                  text3        000000
__Htext4                  text4        000000
__Htext5                  text5        000000
__Htext6                  text6        000000
__Htext7                  text7        000000
__Htext8                  text8        000000
__Htext9                  text9        000000
__LRAM                    (abs)        000001
__Labs1                   abs1         000000
__Lbank0                  bank0        000000
__Lbank1                  bank1        000000
__Lbank2                  bank2        000000
__Lbank3                  bank3        000000
__Lbank4                  bank4        000000
__Lbank5                  bank5        000000
__Lbigbss                 bigbss       000000
__Lbigdata                bigdata      000000
__Lbigram                 bigram       000000
__Lbss                    bss          000000
__LbssBANK0               bssBANK0     000000
__LbssBANK1               bssBANK1     000000
__LbssCOMRAM              bssCOMRAM    000000
__Lcinit                  cinit        000000
__Lclrtext                clrtext      000000
__Lcomram                 comram       000000
__Lconfig                 config       300000
__Lconst                  const        000000
__LcstackBANK0            cstackBANK0  000000
__LcstackCOMRAM           cstackCOMRAM 000000
__Ldata                   data         000000
__Leeprom_data            eeprom_data  000000
__Lfarbss                 farbss       000000
__Lfardata                fardata      000000
__Libigdata               ibigdata     000000
__Lidata                  idata        000000
__Lidloc                  idloc        200000
__Lifardata               ifardata     000000
__Linit                   init         000000
__Lintcode                intcode      000000
__Lintcode_body           intcode_body 000000
__Lintcodelo              intcodelo    000000
__Lintentry               intentry     000000
__Lintret                 intret       000000
__Lintsave_regs           intsave_regs 000000
__Lirdata                 irdata       000000
__Lmediumconst            mediumconst  000000
__LnvFARRAM               nvFARRAM     000000
__Lnvbit                  nvbit        000000
__Lnvrram                 nvrram       000000
__Lparam                  rparam       000000
__Lpowerup                powerup      000000
__Lram                    ram          000000
__Lramtop                 ramtop       000600
__Lrbit                   rbit         000000
__Lrbss                   rbss         000000
__Lrdata                  rdata        000000
__Lreset_vec              reset_vec    000000
__Lrparam                 rparam       000000
__Lsfr                    sfr          000000
__Lsmallconst             smallconst   000600
__Lspace_0                (abs)        000000
__Lspace_1                (abs)        000000
__Lspace_2                (abs)        000000
__Lstack                  stack        000000
__Lstruct                 struct       000000
__Ltemp                   temp         000000
__Ltext                   text         000000
__Ltext0                  text0        000000
__Ltext1                  text1        000000
__Ltext10                 text10       000000
__Ltext11                 text11       000000
__Ltext12                 text12       000000
__Ltext13                 text13       000000
__Ltext14                 text14       000000
__Ltext15                 text15       000000
__Ltext16                 text16       000000
__Ltext17                 text17       000000
__Ltext18                 text18       000000
__Ltext19                 text19       000000
__Ltext2                  text2        000000
__Ltext20                 text20       000000
__Ltext21                 text21       000000
__Ltext22                 text22       000000
__Ltext23                 text23       000000
__Ltext3                  text3        000000
__Ltext4                  text4        000000
__Ltext5                  text5        000000
__Ltext6                  text6        000000
__Ltext7                  text7        000000
__Ltext8                  text8        000000
__Ltext9                  text9        000000
__S0                      (abs)        30000E
__S1                      (abs)        000150
__S2                      (abs)        000000
___aldiv                  text23       002DB0
___aldiv@counter          cstackCOMRAM 000009
___aldiv@dividend         cstackCOMRAM 000001
___aldiv@divisor          cstackCOMRAM 000005
___aldiv@quotient         cstackCOMRAM 00000B
___aldiv@sign             cstackCOMRAM 00000A
___awmod                  text21       002F36
___awmod@counter          cstackCOMRAM 00000F
___awmod@dividend         cstackCOMRAM 00000B
___awmod@divisor          cstackCOMRAM 00000D
___awmod@sign             cstackCOMRAM 000010
___fladd                  text15       00236C
___fladd@a                cstackCOMRAM 000023
___fladd@aexp             cstackCOMRAM 00002C
___fladd@b                cstackCOMRAM 00001F
___fladd@bexp             cstackCOMRAM 00002D
___fladd@grs              cstackCOMRAM 00002E
___fladd@signs            cstackCOMRAM 00002B
___fldiv                  text18       002678
___fldiv@a                cstackCOMRAM 000033
___fldiv@aexp             cstackCOMRAM 000047
___fldiv@b                cstackCOMRAM 00002F
___fldiv@bexp             cstackCOMRAM 000046
___fldiv@grs              cstackCOMRAM 000042
___fldiv@new_exp          cstackCOMRAM 000040
___fldiv@rem              cstackCOMRAM 00003B
___fldiv@sign             cstackCOMRAM 00003F
___flge                   text4        002B44
___flge@ff1               cstackCOMRAM 000001
___flge@ff2               cstackCOMRAM 000005
___flmul                  text17       00201A
___flmul@a                cstackCOMRAM 000005
___flmul@aexp             cstackCOMRAM 000012
___flmul@b                cstackCOMRAM 000001
___flmul@bexp             cstackCOMRAM 000013
___flmul@grs              cstackCOMRAM 00000E
___flmul@prod             cstackCOMRAM 000014
___flmul@sign             cstackCOMRAM 00000D
___flmul@temp             cstackCOMRAM 000018
___flneg                  text16       003114
___flneg@f1               cstackCOMRAM 000001
___flsub                  text14       003064
___flsub@a                cstackCOMRAM 000033
___flsub@b                cstackCOMRAM 00002F
___fltol                  text20       002E7C
___fltol@exp1             cstackCOMRAM 00000A
___fltol@f1               cstackCOMRAM 000001
___fltol@sign1            cstackCOMRAM 000009
___fpclassifyf            text13       002CE4
___fpclassifyf@F463       bssBANK0     0000DA
___fpclassifyf@e          cstackCOMRAM 000009
___fpclassifyf@u          cstackCOMRAM 00000B
___fpclassifyf@x          cstackCOMRAM 000001
___inthi_sp               stack        000000
___intlo_sp               stack        000000
___param_bank             (abs)        000000
___rparam_used            (abs)        000001
___sp                     stack        000000
___xxtofl                 text19       002900
___xxtofl@arg             cstackCOMRAM 00001B
___xxtofl@exp             cstackCOMRAM 00001A
___xxtofl@sign            cstackCOMRAM 000019
___xxtofl@val             cstackCOMRAM 000011
__accesstop               (abs)        000080
__activetblptr            (abs)        000002
__end_of_UART_Init        text22       002B44
__end_of___aldiv          text23       002E7C
__end_of___awmod          text21       002FA6
__end_of___fladd          text15       002678
__end_of___fldiv          text18       002900
__end_of___flge           text4        002C14
__end_of___flmul          text17       00236C
__end_of___flneg          text16       003142
__end_of___flsub          text14       0030AA
__end_of___fltol          text20       002F36
__end_of___fpclassifyf    text13       002DB0
__end_of___xxtofl         text19       002A40
__end_of__initialization  cinit        00315E
__end_of_aT               smallconst   000675
__end_of_atan2f           text10       001BF4
__end_of_atanf            text11       001616
__end_of_atanhi           smallconst   000695
__end_of_atanlo           smallconst   000685
__end_of_cosins           smallconst   000631
__end_of_fabsf            text12       003114
__end_of_fputc            text8        003012
__end_of_main             text0        0030E0
__end_of_nanf             text3        0031B0
__end_of_pi               smallconst   0006A1
__end_of_pi_lo            smallconst   00069D
__end_of_printf           text5        00318E
__end_of_putch            text9        0031B2
__end_of_readSensors_old  text1        000E9E
__end_of_sins             smallconst   000661
__end_of_sqrtf            text2        00201A
__end_of_tiny             smallconst   000699
__end_of_vfpfcnvrt        text7        002CE4
__end_of_vfprintf         text6        003064
__initialization          cinit        003142
__mediumconst             mediumconst  000000
__pbssBANK0               bssBANK0     0000D2
__pbssBANK1               bssBANK1     000100
__pbssCOMRAM              bssCOMRAM    00007E
__pcinit                  cinit        003142
__pcstackBANK0            cstackBANK0  000080
__pcstackCOMRAM           cstackCOMRAM 000001
__psmallconst             smallconst   000600
__ptext0                  text0        0030AA
__ptext1                  text1        0006A4
__ptext10                 text10       001616
__ptext11                 text11       000E9E
__ptext12                 text12       0030E0
__ptext13                 text13       002CE4
__ptext14                 text14       003064
__ptext15                 text15       00236C
__ptext16                 text16       003114
__ptext17                 text17       00201A
__ptext18                 text18       002678
__ptext19                 text19       002900
__ptext2                  text2        001BF4
__ptext20                 text20       002E7C
__ptext21                 text21       002F36
__ptext22                 text22       002A40
__ptext23                 text23       002DB0
__ptext3                  text3        00318E
__ptext4                  text4        002B44
__ptext5                  text5        003168
__ptext6                  text6        003012
__ptext7                  text7        002C14
__ptext8                  text8        002FA6
__ptext9                  text9        0031B0
__ramtop                  ramtop       000600
__size_of_UART_Init       (abs)        000000
__size_of___aldiv         (abs)        000000
__size_of___awmod         (abs)        000000
__size_of___fladd         (abs)        000000
__size_of___fldiv         (abs)        000000
__size_of___flge          (abs)        000000
__size_of___flmul         (abs)        000000
__size_of___flneg         (abs)        000000
__size_of___flsub         (abs)        000000
__size_of___fltol         (abs)        000000
__size_of___fpclassifyf   (abs)        000000
__size_of___xxtofl        (abs)        000000
__size_of_atan2f          (abs)        000000
__size_of_atanf           (abs)        000000
__size_of_fabsf           (abs)        000000
__size_of_fputc           (abs)        000000
__size_of_main            (abs)        000000
__size_of_nanf            (abs)        000000
__size_of_printf          (abs)        000000
__size_of_putch           (abs)        000000
__size_of_readSensors_old (abs)        000000
__size_of_sqrtf           (abs)        000000
__size_of_vfpfcnvrt       (abs)        000000
__size_of_vfprintf        (abs)        000000
__smallconst              smallconst   000600
_aT                       smallconst   000661
_angle                    bssBANK0     0000E6
_angle2                   bssBANK0     0000E2
_atan2f                   text10       001616
_atan2f$1013              cstackBANK0  0000B2
_atan2f$1014              cstackBANK0  0000B6
_atan2f$1015              cstackBANK0  0000BA
_atanf                    text11       000E9E
_atanf$1016               cstackBANK0  00009C
_atanf$1017               cstackBANK0  000084
_atanf$1018               cstackBANK0  0000A0
_atanf$1019               cstackBANK0  000088
_atanf$1020               cstackBANK0  00008C
_atanhi                   smallconst   000685
_atanlo                   smallconst   000675
_cosins                   smallconst   000601
_dist                     bssBANK0     0000EA
_errno                    bssBANK0     0000F6
_fabsf                    text12       0030E0
_flags                    bssBANK0     0000FC
_fputc                    text8        002FA6
_main                     text0        0030AA
_nanf                     text3        00318E
_nout                     bssCOMRAM    00007E
_prec                     bssBANK0     0000FA
_printf                   text5        003168
_putch                    text9        0031B0
_readSensors_old          text1        0006A4
_readSensors_old$1012     cstackCOMRAM 000074
_s_data                   bssBANK1     000100
_sins                     smallconst   000631
_sqrtf                    text2        001BF4
_t                        bssBANK0     0000FE
_tmp_x                    bssBANK0     0000EE
_tmp_y                    bssBANK0     0000F2
_vect                     bssBANK0     0000D2
_vfpfcnvrt                text7        002C14
_vfprintf                 text6        003012
_width                    bssBANK0     0000F8
atan2f@__xc8_float_word   cstackBANK0  0000BE
atan2f@ix                 cstackBANK0  0000C6
atan2f@iy                 cstackBANK0  0000CA
atan2f@m                  cstackBANK0  0000CE
atan2f@x                  cstackCOMRAM 00005C
atan2f@y                  cstackCOMRAM 000058
atan2f@z                  cstackBANK0  0000C2
atanf@__xc8_float_word    cstackBANK0  000080
atanf@id                  cstackBANK0  0000A8
atanf@ix                  cstackBANK0  0000AE
atanf@s1                  cstackBANK0  000090
atanf@s2                  cstackBANK0  000094
atanf@sign                cstackBANK0  000098
atanf@w                   cstackBANK0  0000A4
atanf@x                   cstackCOMRAM 000050
atanf@z                   cstackBANK0  0000AA
end_of_initialization     cinit        00315E
fabsf@F463                bssBANK0     0000DE
fabsf@u                   cstackCOMRAM 00004C
fabsf@x                   cstackCOMRAM 000048
fputc@c                   cstackCOMRAM 000001
fputc@fp                  cstackCOMRAM 000003
intlevel0                 text         000000
intlevel1                 text         000000
intlevel2                 text         000000
intlevel3                 text         000000
nanf@s                    cstackCOMRAM 000001
nanf@u                    cstackCOMRAM 000005
printf@ap                 cstackCOMRAM 00001C
printf@fmt                cstackCOMRAM 000018
readSensors_old@i         cstackCOMRAM 000078
readSensors_old@i_171     cstackCOMRAM 00007A
sqrtf@__xc8_float_word    cstackCOMRAM 000044
sqrtf@i                   cstackCOMRAM 000040
sqrtf@ix                  cstackCOMRAM 00005C
sqrtf@m                   cstackCOMRAM 000054
sqrtf@q                   cstackCOMRAM 000048
sqrtf@r                   cstackCOMRAM 000058
sqrtf@s                   cstackCOMRAM 00003C
sqrtf@t                   cstackCOMRAM 00004C
sqrtf@x                   cstackCOMRAM 00002F
sqrtf@z                   cstackCOMRAM 000050
stackhi                   (abs)        0005F3
stacklo                   (abs)        000150
start                     init         000000
start_initialization      cinit        003142
vfpfcnvrt@ap              cstackCOMRAM 00000E
vfpfcnvrt@fmt             cstackCOMRAM 00000C
vfpfcnvrt@fp              cstackCOMRAM 00000A
vfprintf@ap               cstackCOMRAM 000014
vfprintf@cfmt             cstackCOMRAM 000016
vfprintf@fmt              cstackCOMRAM 000012
vfprintf@fp               cstackCOMRAM 000010


FUNCTION INFORMATION:

 *************** function _main *****************
 Defined at:
		line 81 in file "main.c"
 Parameters:    Size  Location     Type
		None
 Auto vars:     Size  Location     Type
		None
 Return value:  Size  Location     Type
                  1    wreg      void 
 Registers used:
		wreg, fsr1l, fsr1h, fsr2l, fsr2h, status,2, status,0, tblptrl, tblptrh, tblptru, prodl, prodh, cstack
 Tracked objects:
		On entry : 
		On exit  : 
		Unchanged: 
 Data sizes:     COMRAM   BANK0   BANK1   BANK2   BANK3   BANK4   BANK5
      Params:         0       0       0       0       0       0       0
      Locals:         0       0       0       0       0       0       0
      Temps:          2       0       0       0       0       0       0
      Totals:         2       0       0       0       0       0       0
Total ram usage:        2 bytes
 Hardware stack levels required when called:    6
 This function calls:
		_UART_Init
		_readSensors_old
 This function is called by:
		Startup code after reset
 This function uses a non-reentrant model


 *************** function _readSensors_old *****************
 Defined at:
		line 97 in file "main.c"
 Parameters:    Size  Location     Type
		None
 Auto vars:     Size  Location     Type
  i               2  121[COMRAM] int 
  i               2  119[COMRAM] int 
 Return value:  Size  Location     Type
                  1    wreg      void 
 Registers used:
		wreg, fsr1l, fsr1h, fsr2l, fsr2h, status,2, status,0, tblptrl, tblptrh, tblptru, prodl, prodh, cstack
 Tracked objects:
		On entry : 
		On exit  : 
		Unchanged: 
 Data sizes:     COMRAM   BANK0   BANK1   BANK2   BANK3   BANK4   BANK5
      Params:         0       0       0       0       0       0       0
      Locals:         8       0       0       0       0       0       0
      Temps:          4       0       0       0       0       0       0
      Totals:        12       0       0       0       0       0       0
Total ram usage:       12 bytes
 Hardware stack levels used:    1
 Hardware stack levels required when called:    5
 This function calls:
		___awmod
		___fladd
		___fldiv
		___flge
		___flmul
		___fltol
		___xxtofl
		_atan2f
		_printf
		_sqrtf
 This function is called by:
		_main
 This function uses a non-reentrant model


 *************** function _sqrtf *****************
 Defined at:
		line 24 in file "C:\Program Files (x86)\Microchip\xc8\v2.05\pic\sources\c99\common\sqrtf.c"
 Parameters:    Size  Location     Type
  x               4   46[COMRAM] float 
 Auto vars:     Size  Location     Type
  ix              4   91[COMRAM] long 
  r               4   87[COMRAM] unsigned long 
  m               4   83[COMRAM] long 
  z               4   79[COMRAM] float 
  t               4   75[COMRAM] long 
  q               4   71[COMRAM] long 
  __xc8_float_    4   67[COMRAM] struct .
  i               4   63[COMRAM] long 
  s               4   59[COMRAM] long 
  sign            4    0        long 
 Return value:  Size  Location     Type
                  4   46[COMRAM] float 
 Registers used:
		wreg, status,2, status,0, prodl, prodh, cstack
 Tracked objects:
		On entry : 
		On exit  : 
		Unchanged: 
 Data sizes:     COMRAM   BANK0   BANK1   BANK2   BANK3   BANK4   BANK5
      Params:         4       0       0       0       0       0       0
      Locals:        40       0       0       0       0       0       0
      Temps:          5       0       0       0       0       0       0
      Totals:        49       0       0       0       0       0       0
Total ram usage:       49 bytes
 Hardware stack levels used:    1
 Hardware stack levels required when called:    1
 This function calls:
		___fladd
		___flge
		___flmul
		_nanf
 This function is called by:
		_readSensors_old
 This function uses a non-reentrant model


 *************** function _nanf *****************
 Defined at:
		line 4 in file "C:\Program Files (x86)\Microchip\xc8\v2.05\pic\sources\c99\common\nanf.c"
 Parameters:    Size  Location     Type
  s               2    0[COMRAM] PTR const unsigned char 
		 -> STR_2(1), 
 Auto vars:     Size  Location     Type
  u               4    4[COMRAM] struct .
 Return value:  Size  Location     Type
                  4    0[COMRAM] float 
 Registers used:
		wreg, status,2
 Tracked objects:
		On entry : 
		On exit  : 
		Unchanged: 
 Data sizes:     COMRAM   BANK0   BANK1   BANK2   BANK3   BANK4   BANK5
      Params:         4       0       0       0       0       0       0
      Locals:         4       0       0       0       0       0       0
      Temps:          0       0       0       0       0       0       0
      Totals:         8       0       0       0       0       0       0
Total ram usage:        8 bytes
 Hardware stack levels used:    1
 This function calls:
		Nothing
 This function is called by:
		_sqrtf
 This function uses a non-reentrant model


 *************** function ___flge *****************
 Defined at:
		line 4 in file "C:\Program Files (x86)\Microchip\xc8\v2.05\pic\sources\c99\common\flge.c"
 Parameters:    Size  Location     Type
  ff1             4    0[COMRAM] float 
  ff2             4    4[COMRAM] float 
 Auto vars:     Size  Location     Type
		None
 Return value:  Size  Location     Type
		None               void
 Registers used:
		wreg, status,2, status,0
 Tracked objects:
		On entry : 
		On exit  : 
		Unchanged: 
 Data sizes:     COMRAM   BANK0   BANK1   BANK2   BANK3   BANK4   BANK5
      Params:         8       0       0       0       0       0       0
      Locals:         0       0       0       0       0       0       0
      Temps:          4       0       0       0       0       0       0
      Totals:        12       0       0       0       0       0       0
Total ram usage:       12 bytes
 Hardware stack levels used:    1
 This function calls:
		Nothing
 This function is called by:
		_readSensors_old
		_sqrtf
 This function uses a non-reentrant model


 *************** function _printf *****************
 Defined at:
		line 5 in file "C:\Program Files (x86)\Microchip\xc8\v2.05\pic\sources\c99\common\printf.c"
 Parameters:    Size  Location     Type
  fmt             2   23[COMRAM] PTR const unsigned char 
		 -> STR_1(1), 
 Auto vars:     Size  Location     Type
  ap              2   27[COMRAM] PTR void [1]
		 -> ?_printf(2), 
  ret             2    0        int 
 Return value:  Size  Location     Type
                  2   23[COMRAM] int 
 Registers used:
		wreg, fsr1l, fsr1h, fsr2l, fsr2h, status,2, status,0, tblptrl, tblptrh, tblptru, cstack
 Tracked objects:
		On entry : 
		On exit  : 
		Unchanged: 
 Data sizes:     COMRAM   BANK0   BANK1   BANK2   BANK3   BANK4   BANK5
      Params:         2       0       0       0       0       0       0
      Locals:         4       0       0       0       0       0       0
      Temps:          0       0       0       0       0       0       0
      Totals:         6       0       0       0       0       0       0
Total ram usage:        6 bytes
 Hardware stack levels used:    1
 Hardware stack levels required when called:    4
 This function calls:
		_vfprintf
 This function is called by:
		_readSensors_old
 This function uses a non-reentrant model


 *************** function _vfprintf *****************
 Defined at:
		line 1368 in file "C:\Program Files (x86)\Microchip\xc8\v2.05\pic\sources\c99\common\doprnt.c"
 Parameters:    Size  Location     Type
  fp              2   15[COMRAM] PTR struct _IO_FILE
		 -> NULL(0), 
  fmt             2   17[COMRAM] PTR const unsigned char 
		 -> STR_1(1), 
  ap              2   19[COMRAM] PTR PTR void 
		 -> printf@ap(2), 
 Auto vars:     Size  Location     Type
  cfmt            2   21[COMRAM] PTR unsigned char 
		 -> STR_1(1), 
 Return value:  Size  Location     Type
                  2   15[COMRAM] int 
 Registers used:
		wreg, fsr1l, fsr1h, fsr2l, fsr2h, status,2, status,0, tblptrl, tblptrh, tblptru, cstack
 Tracked objects:
		On entry : 
		On exit  : 
		Unchanged: 
 Data sizes:     COMRAM   BANK0   BANK1   BANK2   BANK3   BANK4   BANK5
      Params:         6       0       0       0       0       0       0
      Locals:         2       0       0       0       0       0       0
      Temps:          0       0       0       0       0       0       0
      Totals:         8       0       0       0       0       0       0
Total ram usage:        8 bytes
 Hardware stack levels used:    1
 Hardware stack levels required when called:    3
 This function calls:
		_vfpfcnvrt
 This function is called by:
		_printf
 This function uses a non-reentrant model


 *************** function _vfpfcnvrt *****************
 Defined at:
		line 670 in file "C:\Program Files (x86)\Microchip\xc8\v2.05\pic\sources\c99\common\doprnt.c"
 Parameters:    Size  Location     Type
  fp              2    9[COMRAM] PTR struct _IO_FILE
		 -> NULL(0), 
  fmt             2   11[COMRAM] PTR PTR unsigned char 
		 -> vfprintf@cfmt(2), 
  ap              2   13[COMRAM] PTR PTR void 
		 -> printf@ap(2), 
 Auto vars:     Size  Location     Type
  llu             8    0        unsigned long long 
  ll              8    0        long long 
  f               4    0        long long 
  vp              3    0        PTR void 
  ct              3    0        unsigned char [3]
  cp              3    0        PTR unsigned char 
  i               2    0        int 
  done            2    0        int 
  c               1    0        unsigned char 
 Return value:  Size  Location     Type
                  2    9[COMRAM] int 
 Registers used:
		wreg, fsr1l, fsr1h, fsr2l, fsr2h, status,2, status,0, tblptrl, tblptrh, tblptru, cstack
 Tracked objects:
		On entry : 
		On exit  : 
		Unchanged: 
 Data sizes:     COMRAM   BANK0   BANK1   BANK2   BANK3   BANK4   BANK5
      Params:         6       0       0       0       0       0       0
      Locals:         0       0       0       0       0       0       0
      Temps:          0       0       0       0       0       0       0
      Totals:         6       0       0       0       0       0       0
Total ram usage:        6 bytes
 Hardware stack levels used:    1
 Hardware stack levels required when called:    2
 This function calls:
		_fputc
 This function is called by:
		_vfprintf
 This function uses a non-reentrant model


 *************** function _fputc *****************
 Defined at:
		line 8 in file "C:\Program Files (x86)\Microchip\xc8\v2.05\pic\sources\c99\common\nf_fputc.c"
 Parameters:    Size  Location     Type
  c               2    0[COMRAM] int 
  fp              2    2[COMRAM] PTR struct _IO_FILE
		 -> NULL(0), 
 Auto vars:     Size  Location     Type
		None
 Return value:  Size  Location     Type
                  2    0[COMRAM] int 
 Registers used:
		wreg, fsr1l, fsr1h, fsr2l, fsr2h, status,2, status,0, cstack
 Tracked objects:
		On entry : 
		On exit  : 
		Unchanged: 
 Data sizes:     COMRAM   BANK0   BANK1   BANK2   BANK3   BANK4   BANK5
      Params:         4       0       0       0       0       0       0
      Locals:         0       0       0       0       0       0       0
      Temps:          5       0       0       0       0       0       0
      Totals:         9       0       0       0       0       0       0
Total ram usage:        9 bytes
 Hardware stack levels used:    1
 Hardware stack levels required when called:    1
 This function calls:
		_putch
 This function is called by:
		_vfpfcnvrt
 This function uses a non-reentrant model


 *************** function _putch *****************
 Defined at:
		line 7 in file "C:\Program Files (x86)\Microchip\xc8\v2.05\pic\sources\c99\common\putch.c"
 Parameters:    Size  Location     Type
  c               1    wreg     unsigned char 
 Auto vars:     Size  Location     Type
  c               1    0[COMRAM] unsigned char 
 Return value:  Size  Location     Type
                  1    wreg      void 
 Registers used:
		wreg
 Tracked objects:
		On entry : 
		On exit  : 
		Unchanged: 
 Data sizes:     COMRAM   BANK0   BANK1   BANK2   BANK3   BANK4   BANK5
      Params:         0       0       0       0       0       0       0
      Locals:         0       0       0       0       0       0       0
      Temps:          0       0       0       0       0       0       0
      Totals:         0       0       0       0       0       0       0
Total ram usage:        0 bytes
 Hardware stack levels used:    1
 This function calls:
		Nothing
 This function is called by:
		_fputc
 This function uses a non-reentrant model


 *************** function _atan2f *****************
 Defined at:
		line 22 in file "C:\Program Files (x86)\Microchip\xc8\v2.05\pic\sources\c99\common\atan2f.c"
 Parameters:    Size  Location     Type
  y               4   87[COMRAM] float 
  x               4   91[COMRAM] float 
 Auto vars:     Size  Location     Type
  m               4   78[BANK0 ] unsigned long 
  iy              4   74[BANK0 ] unsigned long 
  ix              4   70[BANK0 ] unsigned long 
  z               4   66[BANK0 ] float 
  __xc8_float_    4   62[BANK0 ] struct .
 Return value:  Size  Location     Type
                  4   87[COMRAM] float 
 Registers used:
		wreg, status,2, status,0, tblptrl, tblptrh, tblptru, prodl, prodh, cstack
 Tracked objects:
		On entry : 
		On exit  : 
		Unchanged: 
 Data sizes:     COMRAM   BANK0   BANK1   BANK2   BANK3   BANK4   BANK5
      Params:         8       0       0       0       0       0       0
      Locals:         0      32       0       0       0       0       0
      Temps:         16       0       0       0       0       0       0
      Totals:        24      32       0       0       0       0       0
Total ram usage:       56 bytes
 Hardware stack levels used:    1
 Hardware stack levels required when called:    3
 This function calls:
		___fladd
		___fldiv
		___flneg
		___flsub
		___fpclassifyf
		_atanf
		_fabsf
 This function is called by:
		_readSensors_old
 This function uses a non-reentrant model


 *************** function _atanf *****************
 Defined at:
		line 41 in file "C:\Program Files (x86)\Microchip\xc8\v2.05\pic\sources\c99\common\atanf.c"
 Parameters:    Size  Location     Type
  x               4   79[COMRAM] float 
 Auto vars:     Size  Location     Type
  ix              4   46[BANK0 ] unsigned long 
  z               4   42[BANK0 ] float 
  w               4   36[BANK0 ] float 
  sign            4   24[BANK0 ] unsigned long 
  s2              4   20[BANK0 ] float 
  s1              4   16[BANK0 ] float 
  __xc8_float_    4    0[BANK0 ] struct .
  id              2   40[BANK0 ] int 
 Return value:  Size  Location     Type
                  4   79[COMRAM] float 
 Registers used:
		wreg, status,2, status,0, tblptrl, tblptrh, tblptru, prodl, prodh, cstack
 Tracked objects:
		On entry : 
		On exit  : 
		Unchanged: 
 Data sizes:     COMRAM   BANK0   BANK1   BANK2   BANK3   BANK4   BANK5
      Params:         4       0       0       0       0       0       0
      Locals:         0      50       0       0       0       0       0
      Temps:          4       0       0       0       0       0       0
      Totals:         8      50       0       0       0       0       0
Total ram usage:       58 bytes
 Hardware stack levels used:    1
 Hardware stack levels required when called:    2
 This function calls:
		___fladd
		___fldiv
		___flmul
		___flneg
		___flsub
		___fpclassifyf
		_fabsf
 This function is called by:
		_atan2f
 This function uses a non-reentrant model


 *************** function _fabsf *****************
 Defined at:
		line 4 in file "C:\Program Files (x86)\Microchip\xc8\v2.05\pic\sources\c99\common\fabsf.c"
 Parameters:    Size  Location     Type
  x               4   71[COMRAM] float 
 Auto vars:     Size  Location     Type
  u               4   75[COMRAM] struct .
 Return value:  Size  Location     Type
                  4   71[COMRAM] float 
 Registers used:
		status,2, status,0
 Tracked objects:
		On entry : 
		On exit  : 
		Unchanged: 
 Data sizes:     COMRAM   BANK0   BANK1   BANK2   BANK3   BANK4   BANK5
      Params:         4       0       0       0       0       0       0
      Locals:         4       0       0       0       0       0       0
      Temps:          0       0       0       0       0       0       0
      Totals:         8       0       0       0       0       0       0
Total ram usage:        8 bytes
 Hardware stack levels used:    1
 This function calls:
		Nothing
 This function is called by:
		_atan2f
		_atanf
 This function uses a non-reentrant model


 *************** function ___fpclassifyf *****************
 Defined at:
		line 4 in file "C:\Program Files (x86)\Microchip\xc8\v2.05\pic\sources\c99\common\__fpclassifyf.c"
 Parameters:    Size  Location     Type
  x               4    0[COMRAM] float 
 Auto vars:     Size  Location     Type
  u               4   10[COMRAM] struct .
  e               2    8[COMRAM] int 
 Return value:  Size  Location     Type
                  2    0[COMRAM] int 
 Registers used:
		wreg, status,2, status,0
 Tracked objects:
		On entry : 
		On exit  : 
		Unchanged: 
 Data sizes:     COMRAM   BANK0   BANK1   BANK2   BANK3   BANK4   BANK5
      Params:         4       0       0       0       0       0       0
      Locals:         6       0       0       0       0       0       0
      Temps:          4       0       0       0       0       0       0
      Totals:        14       0       0       0       0       0       0
Total ram usage:       14 bytes
 Hardware stack levels used:    1
 This function calls:
		Nothing
 This function is called by:
		_atan2f
		_atanf
 This function uses a non-reentrant model


 *************** function ___flsub *****************
 Defined at:
		line 245 in file "C:\Program Files (x86)\Microchip\xc8\v2.05\pic\sources\c99\common\sprcadd.c"
 Parameters:    Size  Location     Type
  b               4   46[COMRAM] int 
  a               4   50[COMRAM] int 
 Auto vars:     Size  Location     Type
		None
 Return value:  Size  Location     Type
                  4   46[COMRAM] int 
 Registers used:
		wreg, status,2, status,0, cstack
 Tracked objects:
		On entry : 
		On exit  : 
		Unchanged: 
 Data sizes:     COMRAM   BANK0   BANK1   BANK2   BANK3   BANK4   BANK5
      Params:         8       0       0       0       0       0       0
      Locals:         0       0       0       0       0       0       0
      Temps:          0       0       0       0       0       0       0
      Totals:         8       0       0       0       0       0       0
Total ram usage:        8 bytes
 Hardware stack levels used:    1
 Hardware stack levels required when called:    1
 This function calls:
		___fladd
 This function is called by:
		_atan2f
		_atanf
 This function uses a non-reentrant model


 *************** function ___fladd *****************
 Defined at:
		line 10 in file "C:\Program Files (x86)\Microchip\xc8\v2.05\pic\sources\c99\common\sprcadd.c"
 Parameters:    Size  Location     Type
  b               4   30[COMRAM] int 
  a               4   34[COMRAM] int 
 Auto vars:     Size  Location     Type
  grs             1   45[COMRAM] unsigned char 
  bexp            1   44[COMRAM] unsigned char 
  aexp            1   43[COMRAM] unsigned char 
  signs           1   42[COMRAM] unsigned char 
 Return value:  Size  Location     Type
                  4   30[COMRAM] unsigned char 
 Registers used:
		wreg, status,2, status,0
 Tracked objects:
		On entry : 
		On exit  : 
		Unchanged: 
 Data sizes:     COMRAM   BANK0   BANK1   BANK2   BANK3   BANK4   BANK5
      Params:         8       0       0       0       0       0       0
      Locals:         4       0       0       0       0       0       0
      Temps:          4       0       0       0       0       0       0
      Totals:        16       0       0       0       0       0       0
Total ram usage:       16 bytes
 Hardware stack levels used:    1
 This function calls:
		Nothing
 This function is called by:
		_readSensors_old
		___flsub
		_atan2f
		_atanf
		_sqrtf
 This function uses a non-reentrant model


 *************** function ___flneg *****************
 Defined at:
		line 15 in file "C:\Program Files (x86)\Microchip\xc8\v2.05\pic\sources\c99\common\flneg.c"
 Parameters:    Size  Location     Type
  f1              4    0[COMRAM] unsigned char 
 Auto vars:     Size  Location     Type
		None
 Return value:  Size  Location     Type
                  4    0[COMRAM] unsigned char 
 Registers used:
		wreg, status,2, status,0
 Tracked objects:
		On entry : 
		On exit  : 
		Unchanged: 
 Data sizes:     COMRAM   BANK0   BANK1   BANK2   BANK3   BANK4   BANK5
      Params:         4       0       0       0       0       0       0
      Locals:         0       0       0       0       0       0       0
      Temps:          0       0       0       0       0       0       0
      Totals:         4       0       0       0       0       0       0
Total ram usage:        4 bytes
 Hardware stack levels used:    1
 This function calls:
		Nothing
 This function is called by:
		_atan2f
		_atanf
 This function uses a non-reentrant model


 *************** function ___flmul *****************
 Defined at:
		line 8 in file "C:\Program Files (x86)\Microchip\xc8\v2.05\pic\sources\c99\common\sprcmul.c"
 Parameters:    Size  Location     Type
  b               4    0[COMRAM] unsigned char 
  a               4    4[COMRAM] unsigned char 
 Auto vars:     Size  Location     Type
  prod            4   19[COMRAM] struct .
  grs             4   13[COMRAM] unsigned long 
  temp            2   23[COMRAM] struct .
  bexp            1   18[COMRAM] unsigned char 
  aexp            1   17[COMRAM] unsigned char 
  sign            1   12[COMRAM] unsigned char 
 Return value:  Size  Location     Type
                  4    0[COMRAM] unsigned char 
 Registers used:
		wreg, status,2, status,0, prodl, prodh
 Tracked objects:
		On entry : 
		On exit  : 
		Unchanged: 
 Data sizes:     COMRAM   BANK0   BANK1   BANK2   BANK3   BANK4   BANK5
      Params:         8       0       0       0       0       0       0
      Locals:        13       0       0       0       0       0       0
      Temps:          4       0       0       0       0       0       0
      Totals:        25       0       0       0       0       0       0
Total ram usage:       25 bytes
 Hardware stack levels used:    1
 This function calls:
		Nothing
 This function is called by:
		_readSensors_old
		_atanf
		_sqrtf
 This function uses a non-reentrant model


 *************** function ___fldiv *****************
 Defined at:
		line 11 in file "C:\Program Files (x86)\Microchip\xc8\v2.05\pic\sources\c99\common\sprcdiv.c"
 Parameters:    Size  Location     Type
  b               4   46[COMRAM] unsigned char 
  a               4   50[COMRAM] unsigned char 
 Auto vars:     Size  Location     Type
  grs             4   65[COMRAM] unsigned long 
  rem             4   58[COMRAM] unsigned long 
  new_exp         2   63[COMRAM] short 
  aexp            1   70[COMRAM] unsigned char 
  bexp            1   69[COMRAM] unsigned char 
  sign            1   62[COMRAM] unsigned char 
 Return value:  Size  Location     Type
                  4   46[COMRAM] unsigned char 
 Registers used:
		wreg, status,2, status,0
 Tracked objects:
		On entry : 
		On exit  : 
		Unchanged: 
 Data sizes:     COMRAM   BANK0   BANK1   BANK2   BANK3   BANK4   BANK5
      Params:         8       0       0       0       0       0       0
      Locals:        13       0       0       0       0       0       0
      Temps:          4       0       0       0       0       0       0
      Totals:        25       0       0       0       0       0       0
Total ram usage:       25 bytes
 Hardware stack levels used:    1
 This function calls:
		Nothing
 This function is called by:
		_readSensors_old
		_atan2f
		_atanf
 This function uses a non-reentrant model


 *************** function ___xxtofl *****************
 Defined at:
		line 10 in file "C:\Program Files (x86)\Microchip\xc8\v2.05\pic\sources\c99\common\xxtofl.c"
 Parameters:    Size  Location     Type
  sign            1    wreg     unsigned char 
  val             4   16[COMRAM] long 
 Auto vars:     Size  Location     Type
  sign            1   24[COMRAM] unsigned char 
  arg             4   26[COMRAM] unsigned long 
  exp             1   25[COMRAM] unsigned char 
 Return value:  Size  Location     Type
                  4   16[COMRAM] unsigned char 
 Registers used:
		wreg, status,2, status,0
 Tracked objects:
		On entry : 
		On exit  : 
		Unchanged: 
 Data sizes:     COMRAM   BANK0   BANK1   BANK2   BANK3   BANK4   BANK5
      Params:         4       0       0       0       0       0       0
      Locals:         6       0       0       0       0       0       0
      Temps:          4       0       0       0       0       0       0
      Totals:        14       0       0       0       0       0       0
Total ram usage:       14 bytes
 Hardware stack levels used:    1
 This function calls:
		Nothing
 This function is called by:
		_readSensors_old
 This function uses a non-reentrant model


 *************** function ___fltol *****************
 Defined at:
		line 43 in file "C:\Program Files (x86)\Microchip\xc8\v2.05\pic\sources\c99\common\fltol.c"
 Parameters:    Size  Location     Type
  f1              4    0[COMRAM] unsigned char 
 Auto vars:     Size  Location     Type
  exp1            1    9[COMRAM] unsigned char 
  sign1           1    8[COMRAM] unsigned char 
 Return value:  Size  Location     Type
                  4    0[COMRAM] long 
 Registers used:
		wreg, status,2, status,0
 Tracked objects:
		On entry : 
		On exit  : 
		Unchanged: 
 Data sizes:     COMRAM   BANK0   BANK1   BANK2   BANK3   BANK4   BANK5
      Params:         4       0       0       0       0       0       0
      Locals:         2       0       0       0       0       0       0
      Temps:          4       0       0       0       0       0       0
      Totals:        10       0       0       0       0       0       0
Total ram usage:       10 bytes
 Hardware stack levels used:    1
 This function calls:
		Nothing
 This function is called by:
		_readSensors_old
 This function uses a non-reentrant model


 *************** function ___awmod *****************
 Defined at:
		line 7 in file "C:\Program Files (x86)\Microchip\xc8\v2.05\pic\sources\c99\common\awmod.c"
 Parameters:    Size  Location     Type
  dividend        2   10[COMRAM] int 
  divisor         2   12[COMRAM] int 
 Auto vars:     Size  Location     Type
  sign            1   15[COMRAM] unsigned char 
  counter         1   14[COMRAM] unsigned char 
 Return value:  Size  Location     Type
                  2   10[COMRAM] int 
 Registers used:
		wreg, status,2, status,0
 Tracked objects:
		On entry : 
		On exit  : 
		Unchanged: 
 Data sizes:     COMRAM   BANK0   BANK1   BANK2   BANK3   BANK4   BANK5
      Params:         4       0       0       0       0       0       0
      Locals:         2       0       0       0       0       0       0
      Temps:          0       0       0       0       0       0       0
      Totals:         6       0       0       0       0       0       0
Total ram usage:        6 bytes
 Hardware stack levels used:    1
 This function calls:
		Nothing
 This function is called by:
		_readSensors_old
 This function uses a non-reentrant model


 *************** function _UART_Init *****************
 Defined at:
		line 19 in file "../../Desktop/usart_custom.c"
 Parameters:    Size  Location     Type
  baudrate        4   14[COMRAM] const long 
 Auto vars:     Size  Location     Type
  x               2   26[COMRAM] unsigned int 
 Return value:  Size  Location     Type
                  1    wreg      unsigned char 
 Registers used:
		wreg, status,2, status,0, cstack
 Tracked objects:
		On entry : 
		On exit  : 
		Unchanged: 
 Data sizes:     COMRAM   BANK0   BANK1   BANK2   BANK3   BANK4   BANK5
      Params:         4       0       0       0       0       0       0
      Locals:         2       0       0       0       0       0       0
      Temps:          8       0       0       0       0       0       0
      Totals:        14       0       0       0       0       0       0
Total ram usage:       14 bytes
 Hardware stack levels used:    1
 Hardware stack levels required when called:    1
 This function calls:
		___aldiv
 This function is called by:
		_main
 This function uses a non-reentrant model


 *************** function ___aldiv *****************
 Defined at:
		line 7 in file "C:\Program Files (x86)\Microchip\xc8\v2.05\pic\sources\c99\common\aldiv.c"
 Parameters:    Size  Location     Type
  dividend        4    0[COMRAM] long 
  divisor         4    4[COMRAM] long 
 Auto vars:     Size  Location     Type
  quotient        4   10[COMRAM] long 
  sign            1    9[COMRAM] unsigned char 
  counter         1    8[COMRAM] unsigned char 
 Return value:  Size  Location     Type
                  4    0[COMRAM] long 
 Registers used:
		wreg, status,2, status,0
 Tracked objects:
		On entry : 
		On exit  : 
		Unchanged: 
 Data sizes:     COMRAM   BANK0   BANK1   BANK2   BANK3   BANK4   BANK5
      Params:         8       0       0       0       0       0       0
      Locals:         6       0       0       0       0       0       0
      Temps:          0       0       0       0       0       0       0
      Totals:        14       0       0       0       0       0       0
Total ram usage:       14 bytes
 Hardware stack levels used:    1
 This function calls:
		Nothing
 This function is called by:
		_UART_Init
 This function uses a non-reentrant model



MODULE INFORMATION

Module		Function		Class		Link	Load	Size
C:\Program Files (x86)\Microchip\xc8\v2.05\pic\sources\c99\common\awmod.c
		___awmod       		CODE           	2F36	0000	113

C:\Program Files (x86)\Microchip\xc8\v2.05\pic\sources\c99\common\awmod.c estimated size: 113

C:\Program Files (x86)\Microchip\xc8\v2.05\pic\sources\c99\common\printf.c
		_printf        		CODE           	3168	0000	39

C:\Program Files (x86)\Microchip\xc8\v2.05\pic\sources\c99\common\printf.c estimated size: 39

C:\Program Files (x86)\Microchip\xc8\v2.05\pic\sources\c99\common\__fpclassifyf.c
		___fpclassifyf 		CODE           	2CE4	0000	205

C:\Program Files (x86)\Microchip\xc8\v2.05\pic\sources\c99\common\__fpclassifyf.c estimated size: 205

C:\Program Files (x86)\Microchip\xc8\v2.05\pic\sources\c99\common\putch.c
		_putch         		CODE           	31B0	0000	3

C:\Program Files (x86)\Microchip\xc8\v2.05\pic\sources\c99\common\putch.c estimated size: 3

C:\Program Files (x86)\Microchip\xc8\v2.05\pic\sources\c99\common\flge.c
		___flge        		CODE           	2B44	0000	209

C:\Program Files (x86)\Microchip\xc8\v2.05\pic\sources\c99\common\flge.c estimated size: 209

C:\Program Files (x86)\Microchip\xc8\v2.05\pic\sources\c99\common\nf_fputc.c
		_fputc         		CODE           	2FA6	0000	109

C:\Program Files (x86)\Microchip\xc8\v2.05\pic\sources\c99\common\nf_fputc.c estimated size: 109

C:\Program Files (x86)\Microchip\xc8\v2.05\pic\sources\c99\common\xxtofl.c
		___xxtofl      		CODE           	2900	0000	321

C:\Program Files (x86)\Microchip\xc8\v2.05\pic\sources\c99\common\xxtofl.c estimated size: 321

C:\Program Files (x86)\Microchip\xc8\v2.05\pic\sources\c99\common\atan2f.c
		_atan2f        		CODE           	1616	0000	1503

C:\Program Files (x86)\Microchip\xc8\v2.05\pic\sources\c99\common\atan2f.c estimated size: 1503

C:\Program Files (x86)\Microchip\xc8\v2.05\pic\sources\c99\common\sqrtf.c
		_sqrtf         		CODE           	1BF4	0000	1063

C:\Program Files (x86)\Microchip\xc8\v2.05\pic\sources\c99\common\sqrtf.c estimated size: 1063

C:\Program Files (x86)\Microchip\xc8\v2.05\pic\sources\c99\common\fltol.c
		___fltol       		CODE           	2E7C	0000	187

C:\Program Files (x86)\Microchip\xc8\v2.05\pic\sources\c99\common\fltol.c estimated size: 187

C:\Program Files (x86)\Microchip\xc8\v2.05\pic\sources\c99\common\aldiv.c
		___aldiv       		CODE           	2DB0	0000	205

C:\Program Files (x86)\Microchip\xc8\v2.05\pic\sources\c99\common\aldiv.c estimated size: 205

C:\Program Files (x86)\Microchip\xc8\v2.05\pic\sources\c99\common\nanf.c
		_nanf          		CODE           	318E	0000	35

C:\Program Files (x86)\Microchip\xc8\v2.05\pic\sources\c99\common\nanf.c estimated size: 35

C:\Program Files (x86)\Microchip\xc8\v2.05\pic\sources\c99\common\sprcmul.c
		___flmul       		CODE           	201A	0000	851

C:\Program Files (x86)\Microchip\xc8\v2.05\pic\sources\c99\common\sprcmul.c estimated size: 851

../../Desktop/usart_custom.c
		_UART_Init     		CODE           	2A40	0000	261

../../Desktop/usart_custom.c estimated size: 261

C:\Program Files (x86)\Microchip\xc8\v2.05\pic\sources\c99\common\sprcdiv.c
		___fldiv       		CODE           	2678	0000	649

C:\Program Files (x86)\Microchip\xc8\v2.05\pic\sources\c99\common\sprcdiv.c estimated size: 649

C:\Program Files (x86)\Microchip\xc8\v2.05\pic\sources\c99\common\doprnt.c
		_vfpfcnvrt     		CODE           	2C14	0000	209
		_vfprintf      		CODE           	3012	0000	83

C:\Program Files (x86)\Microchip\xc8\v2.05\pic\sources\c99\common\doprnt.c estimated size: 292

shared
		_sins          		SMALLCONST     	0631	0000	49
		_atanhi        		SMALLCONST     	0685	0000	17
		__initialization		CODE           	3142	0000	29
		_pi            		SMALLCONST     	0000	0000	0
		_tiny          		SMALLCONST     	0000	0000	0
		_aT            		SMALLCONST     	0661	0000	21
		_cosins        		SMALLCONST     	0601	0000	49
		_pi_lo         		SMALLCONST     	0000	0000	0
		_atanlo        		SMALLCONST     	0675	0000	17

shared estimated size: 182

C:\Program Files (x86)\Microchip\xc8\v2.05\pic\sources\c99\common\flneg.c
		___flneg       		CODE           	3114	0000	47

C:\Program Files (x86)\Microchip\xc8\v2.05\pic\sources\c99\common\flneg.c estimated size: 47

C:\Program Files (x86)\Microchip\xc8\v2.05\pic\sources\c99\common\fabsf.c
		_fabsf         		CODE           	30E0	0000	53

C:\Program Files (x86)\Microchip\xc8\v2.05\pic\sources\c99\common\fabsf.c estimated size: 53

C:\Program Files (x86)\Microchip\xc8\v2.05\pic\sources\c99\common\atanf.c
		_atanf         		CODE           	0E9E	0000	1913

C:\Program Files (x86)\Microchip\xc8\v2.05\pic\sources\c99\common\atanf.c estimated size: 1913

main.c
		_main          		CODE           	30AA	0000	55
		_readSensors_old		CODE           	06A4	0000	2043

main.c estimated size: 2098

C:\Program Files (x86)\Microchip\xc8\v2.05\pic\sources\c99\common\sprcadd.c
		___flsub       		CODE           	3064	0000	71
		___fladd       		CODE           	236C	0000	781

C:\Program Files (x86)\Microchip\xc8\v2.05\pic\sources\c99\common\sprcadd.c estimated size: 852

